 2D Periodic Lattice; Nx= 16; Ny= 16; total sites=  256                          
                          U :            2.000000
                       t_up :            1.000000
                       t_dn :            1.000000
                      mu_up :            0.000000
                      mu_dn :            0.000000
             Time slice - L :           20
            Number of sites :          256
                       dtau :            0.100000
                       beta :            2.000000
     Number of warmup sweep :         1000
Number of measurement sweep :         5000
   Frequency of measurement :            1
                Random seed :      1234567
 Frequency of recomputing G :           15
Global move number of sites :            0
               Accept count :     15743758
               Reject count :     14832981
    Approximate accept rate :            0.514893
                      gamma :            0.847146
           Type of matrix B : Dense MatB  
         Type of matrix HSF : discrete
============================================================================
 Sign of equal time measurements:
                   Avg sign :   0.10000000E+01 +-  0.00000000E+00
                Avg up sign :   0.10000000E+01 +-  0.00000000E+00
                Avg dn sign :   0.10000000E+01 +-  0.00000000E+00
============================================================================
 Equal time measurements:
          Up spin occupancy :   0.50098323E+00 +-  0.46498456E-03
        Down spin occupancy :   0.49901677E+00 +-  0.46498456E-03
             <U*N_up*N_dn>  :   0.38273364E+00 +-  0.35461104E-03
             Kinetic energy :  -0.24375968E+01 +-  0.14932419E-02
               Total energy :  -0.15548631E+01 +-  0.12069388E-02
                    Density :   0.10000000E+01 +-  0.00000000E+00
                Chi_thermal :  -0.51200000E+03 +-  0.11083155E-10
              Specific heat :   0.18485178E+04 +-  0.38018671E+01
  XX Ferro structure factor :   0.25148624E+00 +-  0.18842128E-02
  ZZ Ferro structure factor :   0.25254166E+00 +-  0.12376477E-01
     XX AF structure factor :   0.11334698E+01 +-  0.18468933E-02
  Root Mean Square of XX AF :   0.11339613E+01 +-  0.18382436E-02
     ZZ AF structure factor :   0.11251437E+01 +-  0.19662940E-01
  Root Mean Square of ZZ AF :   0.13557750E+01 +-  0.33542015E-01
           Potential energy :  -0.11726636E+00 +-  0.35461104E-03
             Hopping energy :  -0.14375968E+01 +-  0.14932419E-02
           Double occupancy :   0.19136682E+00 +-  0.17730552E-03
      Magnetisation squared :   0.15431659E+00 +-  0.88652760E-04
============================================================================
 Mean Equal time Green's function:
point ; dx=  0 ; dy=  0 :       0.50000000E+00 +-  0.00000000E+00
point ; dx=  1 ; dy=  0 :      -0.17969960E+00 +-  0.18665523E-03
point ; dx=  2 ; dy=  0 :      -0.11620445E-19 +-  0.13440870E-19
point ; dx=  3 ; dy=  0 :       0.31994036E-03 +-  0.20226773E-04
point ; dx=  4 ; dy=  0 :      -0.17723900E-20 +-  0.31091019E-20
point ; dx=  5 ; dy=  0 :       0.11364964E-02 +-  0.86959671E-05
point ; dx=  6 ; dy=  0 :       0.24450135E-21 +-  0.94965248E-21
point ; dx=  7 ; dy=  0 :      -0.40514770E-04 +-  0.14294236E-05
point ; dx=  8 ; dy=  0 :      -0.36226871E-21 +-  0.32225260E-21
point ; dx=  1 ; dy=  1 :       0.39308681E-19 +-  0.21149138E-19
point ; dx=  2 ; dy=  1 :       0.39454666E-01 +-  0.97321389E-04
point ; dx=  3 ; dy=  1 :       0.26579497E-20 +-  0.56130035E-20
point ; dx=  4 ; dy=  1 :      -0.24096965E-02 +-  0.71869568E-05
point ; dx=  5 ; dy=  1 :      -0.85322522E-21 +-  0.18574978E-20
point ; dx=  6 ; dy=  1 :      -0.29141007E-03 +-  0.29477749E-05
point ; dx=  7 ; dy=  1 :       0.30544637E-21 +-  0.37543017E-21
point ; dx=  8 ; dy=  1 :       0.85352432E-04 +-  0.11792573E-05
point ; dx=  2 ; dy=  2 :       0.82151608E-21 +-  0.10634617E-19
point ; dx=  3 ; dy=  2 :      -0.13716563E-01 +-  0.50990162E-04
point ; dx=  4 ; dy=  2 :       0.12120909E-20 +-  0.47145051E-20
point ; dx=  5 ; dy=  2 :       0.15576349E-02 +-  0.59792158E-05
point ; dx=  6 ; dy=  2 :      -0.16419849E-20 +-  0.97785438E-21
point ; dx=  7 ; dy=  2 :       0.44700327E-05 +-  0.14099133E-05
point ; dx=  8 ; dy=  2 :       0.10723156E-21 +-  0.43184405E-21
point ; dx=  3 ; dy=  3 :       0.95920658E-20 +-  0.79465534E-20
point ; dx=  4 ; dy=  3 :       0.52553037E-02 +-  0.25854504E-04
point ; dx=  5 ; dy=  3 :      -0.12456083E-20 +-  0.15171618E-20
point ; dx=  6 ; dy=  3 :      -0.79703343E-03 +-  0.40799530E-05
point ; dx=  7 ; dy=  3 :      -0.37635394E-21 +-  0.42993610E-21
point ; dx=  8 ; dy=  3 :       0.57298989E-04 +-  0.11462778E-05
point ; dx=  4 ; dy=  4 :      -0.34365847E-20 +-  0.38152857E-20
point ; dx=  5 ; dy=  4 :      -0.20918901E-02 +-  0.12102651E-04
point ; dx=  6 ; dy=  4 :      -0.29982319E-21 +-  0.12775269E-20
point ; dx=  7 ; dy=  4 :       0.35571867E-03 +-  0.22101475E-05
point ; dx=  8 ; dy=  4 :       0.32550384E-21 +-  0.40953388E-21
point ; dx=  5 ; dy=  5 :      -0.64176642E-21 +-  0.22247618E-20
point ; dx=  6 ; dy=  5 :       0.84802737E-03 +-  0.61021383E-05
point ; dx=  7 ; dy=  5 :       0.46494375E-22 +-  0.75887061E-21
point ; dx=  8 ; dy=  5 :      -0.32574222E-03 +-  0.27509285E-05
point ; dx=  6 ; dy=  6 :       0.88518252E-21 +-  0.92865967E-21
point ; dx=  7 ; dy=  6 :      -0.27876966E-03 +-  0.20782728E-05
point ; dx=  8 ; dy=  6 :      -0.28134067E-21 +-  0.66530109E-21
point ; dx=  7 ; dy=  7 :       0.32551873E-21 +-  0.17261370E-21
point ; dx=  8 ; dy=  7 :       0.16880626E-03 +-  0.14472479E-05
point ; dx=  8 ; dy=  8 :      -0.52958088E-21 +-  0.29969072E-21
============================================================================
 Up Equal time Green's function:
point ; dx=  0 ; dy=  0 :       0.49901677E+00 +-  0.46498456E-03
point ; dx=  1 ; dy=  0 :      -0.17969960E+00 +-  0.18665523E-03
point ; dx=  2 ; dy=  0 :       0.13926809E-03 +-  0.22424788E-04
point ; dx=  3 ; dy=  0 :       0.31994036E-03 +-  0.20226773E-04
point ; dx=  4 ; dy=  0 :       0.23604102E-04 +-  0.24023576E-04
point ; dx=  5 ; dy=  0 :       0.11364964E-02 +-  0.86959671E-05
point ; dx=  6 ; dy=  0 :      -0.40536497E-05 +-  0.25757778E-05
point ; dx=  7 ; dy=  0 :      -0.40514770E-04 +-  0.14294236E-05
point ; dx=  8 ; dy=  0 :      -0.24112218E-06 +-  0.14007718E-05
point ; dx=  1 ; dy=  1 :       0.36474251E-03 +-  0.20196307E-03
point ; dx=  2 ; dy=  1 :       0.39454666E-01 +-  0.97321389E-04
point ; dx=  3 ; dy=  1 :      -0.82002722E-04 +-  0.39057896E-04
point ; dx=  4 ; dy=  1 :      -0.24096965E-02 +-  0.71869568E-05
point ; dx=  5 ; dy=  1 :      -0.90404180E-06 +-  0.65852426E-05
point ; dx=  6 ; dy=  1 :      -0.29141007E-03 +-  0.29477749E-05
point ; dx=  7 ; dy=  1 :       0.22616851E-05 +-  0.15514050E-05
point ; dx=  8 ; dy=  1 :       0.85352432E-04 +-  0.11792573E-05
point ; dx=  2 ; dy=  2 :      -0.17687837E-03 +-  0.98435893E-04
point ; dx=  3 ; dy=  2 :      -0.13716563E-01 +-  0.50990162E-04
point ; dx=  4 ; dy=  2 :       0.50250417E-04 +-  0.23734231E-04
point ; dx=  5 ; dy=  2 :       0.15576349E-02 +-  0.59792158E-05
point ; dx=  6 ; dy=  2 :      -0.23460998E-05 +-  0.19287748E-05
point ; dx=  7 ; dy=  2 :       0.44700327E-05 +-  0.14099133E-05
point ; dx=  8 ; dy=  2 :      -0.27185451E-06 +-  0.19104057E-05
point ; dx=  3 ; dy=  3 :       0.79007700E-04 +-  0.54552307E-04
point ; dx=  4 ; dy=  3 :       0.52553037E-02 +-  0.25854504E-04
point ; dx=  5 ; dy=  3 :      -0.25565995E-04 +-  0.14699893E-04
point ; dx=  6 ; dy=  3 :      -0.79703343E-03 +-  0.40799530E-05
point ; dx=  7 ; dy=  3 :       0.22391223E-05 +-  0.96828332E-06
point ; dx=  8 ; dy=  3 :       0.57298989E-04 +-  0.11462778E-05
point ; dx=  4 ; dy=  4 :      -0.47486246E-04 +-  0.29142179E-04
point ; dx=  5 ; dy=  4 :      -0.20918901E-02 +-  0.12102651E-04
point ; dx=  6 ; dy=  4 :       0.12270074E-04 +-  0.81732545E-05
point ; dx=  7 ; dy=  4 :       0.35571867E-03 +-  0.22101475E-05
point ; dx=  8 ; dy=  4 :      -0.42501621E-05 +-  0.14839263E-05
point ; dx=  5 ; dy=  5 :       0.19562948E-04 +-  0.13789127E-04
point ; dx=  6 ; dy=  5 :       0.84802737E-03 +-  0.61021383E-05
point ; dx=  7 ; dy=  5 :      -0.35618963E-05 +-  0.38608918E-05
point ; dx=  8 ; dy=  5 :      -0.32574222E-03 +-  0.27509285E-05
point ; dx=  6 ; dy=  6 :      -0.11275147E-04 +-  0.73025343E-05
point ; dx=  7 ; dy=  6 :      -0.27876966E-03 +-  0.20782728E-05
point ; dx=  8 ; dy=  6 :       0.66776523E-05 +-  0.50887490E-05
point ; dx=  7 ; dy=  7 :       0.29999112E-05 +-  0.19425817E-05
point ; dx=  8 ; dy=  7 :       0.16880626E-03 +-  0.14472479E-05
point ; dx=  8 ; dy=  8 :      -0.85334919E-05 +-  0.58865334E-05
============================================================================
 Down Equal time Green's function:
point ; dx=  0 ; dy=  0 :       0.50098323E+00 +-  0.46498456E-03
point ; dx=  1 ; dy=  0 :      -0.17969960E+00 +-  0.18665523E-03
point ; dx=  2 ; dy=  0 :      -0.13926809E-03 +-  0.22424788E-04
point ; dx=  3 ; dy=  0 :       0.31994036E-03 +-  0.20226773E-04
point ; dx=  4 ; dy=  0 :      -0.23604102E-04 +-  0.24023576E-04
point ; dx=  5 ; dy=  0 :       0.11364964E-02 +-  0.86959671E-05
point ; dx=  6 ; dy=  0 :       0.40536497E-05 +-  0.25757778E-05
point ; dx=  7 ; dy=  0 :      -0.40514770E-04 +-  0.14294236E-05
point ; dx=  8 ; dy=  0 :       0.24112218E-06 +-  0.14007718E-05
point ; dx=  1 ; dy=  1 :      -0.36474251E-03 +-  0.20196307E-03
point ; dx=  2 ; dy=  1 :       0.39454666E-01 +-  0.97321389E-04
point ; dx=  3 ; dy=  1 :       0.82002722E-04 +-  0.39057896E-04
point ; dx=  4 ; dy=  1 :      -0.24096965E-02 +-  0.71869568E-05
point ; dx=  5 ; dy=  1 :       0.90404180E-06 +-  0.65852426E-05
point ; dx=  6 ; dy=  1 :      -0.29141007E-03 +-  0.29477749E-05
point ; dx=  7 ; dy=  1 :      -0.22616851E-05 +-  0.15514050E-05
point ; dx=  8 ; dy=  1 :       0.85352432E-04 +-  0.11792573E-05
point ; dx=  2 ; dy=  2 :       0.17687837E-03 +-  0.98435893E-04
point ; dx=  3 ; dy=  2 :      -0.13716563E-01 +-  0.50990162E-04
point ; dx=  4 ; dy=  2 :      -0.50250417E-04 +-  0.23734231E-04
point ; dx=  5 ; dy=  2 :       0.15576349E-02 +-  0.59792158E-05
point ; dx=  6 ; dy=  2 :       0.23460998E-05 +-  0.19287748E-05
point ; dx=  7 ; dy=  2 :       0.44700327E-05 +-  0.14099133E-05
point ; dx=  8 ; dy=  2 :       0.27185451E-06 +-  0.19104057E-05
point ; dx=  3 ; dy=  3 :      -0.79007700E-04 +-  0.54552307E-04
point ; dx=  4 ; dy=  3 :       0.52553037E-02 +-  0.25854504E-04
point ; dx=  5 ; dy=  3 :       0.25565995E-04 +-  0.14699893E-04
point ; dx=  6 ; dy=  3 :      -0.79703343E-03 +-  0.40799530E-05
point ; dx=  7 ; dy=  3 :      -0.22391223E-05 +-  0.96828332E-06
point ; dx=  8 ; dy=  3 :       0.57298989E-04 +-  0.11462778E-05
point ; dx=  4 ; dy=  4 :       0.47486246E-04 +-  0.29142179E-04
point ; dx=  5 ; dy=  4 :      -0.20918901E-02 +-  0.12102651E-04
point ; dx=  6 ; dy=  4 :      -0.12270074E-04 +-  0.81732545E-05
point ; dx=  7 ; dy=  4 :       0.35571867E-03 +-  0.22101475E-05
point ; dx=  8 ; dy=  4 :       0.42501621E-05 +-  0.14839263E-05
point ; dx=  5 ; dy=  5 :      -0.19562948E-04 +-  0.13789127E-04
point ; dx=  6 ; dy=  5 :       0.84802737E-03 +-  0.61021383E-05
point ; dx=  7 ; dy=  5 :       0.35618963E-05 +-  0.38608918E-05
point ; dx=  8 ; dy=  5 :      -0.32574222E-03 +-  0.27509285E-05
point ; dx=  6 ; dy=  6 :       0.11275147E-04 +-  0.73025343E-05
point ; dx=  7 ; dy=  6 :      -0.27876966E-03 +-  0.20782728E-05
point ; dx=  8 ; dy=  6 :      -0.66776523E-05 +-  0.50887490E-05
point ; dx=  7 ; dy=  7 :      -0.29999112E-05 +-  0.19425817E-05
point ; dx=  8 ; dy=  7 :       0.16880626E-03 +-  0.14472479E-05
point ; dx=  8 ; dy=  8 :       0.85334919E-05 +-  0.58865334E-05
============================================================================
 Density-density correlation fn: (up-up)
point ; dx=  0 ; dy=  0 :       0.50000000E+00 +-  0.00000000E+00
point ; dx=  1 ; dy=  0 :       0.21344319E+00 +-  0.13420761E-03
point ; dx=  2 ; dy=  0 :       0.25036560E+00 +-  0.12092302E-03
point ; dx=  3 ; dy=  0 :       0.24989879E+00 +-  0.11667580E-03
point ; dx=  4 ; dy=  0 :       0.25000618E+00 +-  0.12126826E-03
point ; dx=  5 ; dy=  0 :       0.24995327E+00 +-  0.15016138E-03
point ; dx=  6 ; dy=  0 :       0.25005020E+00 +-  0.92193448E-04
point ; dx=  7 ; dy=  0 :       0.24996931E+00 +-  0.94919659E-04
point ; dx=  8 ; dy=  0 :       0.25002225E+00 +-  0.14977274E-03
point ; dx=  1 ; dy=  1 :       0.25154951E+00 +-  0.17393891E-03
point ; dx=  2 ; dy=  1 :       0.24768838E+00 +-  0.71365297E-04
point ; dx=  3 ; dy=  1 :       0.25016517E+00 +-  0.78270257E-04
point ; dx=  4 ; dy=  1 :       0.24995669E+00 +-  0.12431837E-03
point ; dx=  5 ; dy=  1 :       0.25009740E+00 +-  0.87993458E-04
point ; dx=  6 ; dy=  1 :       0.25001265E+00 +-  0.68516537E-04
point ; dx=  7 ; dy=  1 :       0.24998839E+00 +-  0.60398593E-04
point ; dx=  8 ; dy=  1 :       0.24996207E+00 +-  0.10047588E-03
point ; dx=  2 ; dy=  2 :       0.25045046E+00 +-  0.70755642E-04
point ; dx=  3 ; dy=  2 :       0.24970968E+00 +-  0.55607325E-04
point ; dx=  4 ; dy=  2 :       0.25008303E+00 +-  0.69661442E-04
point ; dx=  5 ; dy=  2 :       0.24997655E+00 +-  0.10256820E-03
point ; dx=  6 ; dy=  2 :       0.24988040E+00 +-  0.89411636E-04
point ; dx=  7 ; dy=  2 :       0.24999667E+00 +-  0.11712524E-03
point ; dx=  8 ; dy=  2 :       0.25005388E+00 +-  0.13703857E-03
point ; dx=  3 ; dy=  3 :       0.25014823E+00 +-  0.11984145E-03
point ; dx=  4 ; dy=  3 :       0.25001597E+00 +-  0.96198064E-04
point ; dx=  5 ; dy=  3 :       0.24994859E+00 +-  0.69456639E-04
point ; dx=  6 ; dy=  3 :       0.24990220E+00 +-  0.91573133E-04
point ; dx=  7 ; dy=  3 :       0.25006204E+00 +-  0.10114246E-03
point ; dx=  8 ; dy=  3 :       0.25003597E+00 +-  0.10638714E-03
point ; dx=  4 ; dy=  4 :       0.25015033E+00 +-  0.10266031E-03
point ; dx=  5 ; dy=  4 :       0.25003429E+00 +-  0.79897342E-04
point ; dx=  6 ; dy=  4 :       0.24984515E+00 +-  0.94388611E-04
point ; dx=  7 ; dy=  4 :       0.25005203E+00 +-  0.11689099E-03
point ; dx=  8 ; dy=  4 :       0.25008597E+00 +-  0.12161437E-03
point ; dx=  5 ; dy=  5 :       0.24975565E+00 +-  0.11447647E-03
point ; dx=  6 ; dy=  5 :       0.25009118E+00 +-  0.85197099E-04
point ; dx=  7 ; dy=  5 :       0.24995834E+00 +-  0.12515063E-03
point ; dx=  8 ; dy=  5 :       0.25008636E+00 +-  0.13042512E-03
point ; dx=  6 ; dy=  6 :       0.24998891E+00 +-  0.10639493E-03
point ; dx=  7 ; dy=  6 :       0.24995832E+00 +-  0.13058055E-03
point ; dx=  8 ; dy=  6 :       0.24994556E+00 +-  0.73284189E-04
point ; dx=  7 ; dy=  7 :       0.25008612E+00 +-  0.11958455E-03
point ; dx=  8 ; dy=  7 :       0.24997549E+00 +-  0.15460414E-03
point ; dx=  8 ; dy=  8 :       0.25002284E+00 +-  0.36175260E-03
============================================================================
 Density-density correlation fn: (up-dn)
point ; dx=  0 ; dy=  0 :       0.19136682E+00 +-  0.17730552E-03
point ; dx=  1 ; dy=  0 :       0.26004392E+00 +-  0.14579448E-03
point ; dx=  2 ; dy=  0 :       0.24902887E+00 +-  0.12077117E-03
point ; dx=  3 ; dy=  0 :       0.25007106E+00 +-  0.11662226E-03
point ; dx=  4 ; dy=  0 :       0.24998205E+00 +-  0.12124719E-03
point ; dx=  5 ; dy=  0 :       0.25004442E+00 +-  0.15016619E-03
point ; dx=  6 ; dy=  0 :       0.24994935E+00 +-  0.92194100E-04
point ; dx=  7 ; dy=  0 :       0.25003061E+00 +-  0.94919635E-04
point ; dx=  8 ; dy=  0 :       0.24997771E+00 +-  0.14977285E-03
point ; dx=  1 ; dy=  1 :       0.24613127E+00 +-  0.17628327E-03
point ; dx=  2 ; dy=  1 :       0.25115277E+00 +-  0.71582361E-04
point ; dx=  3 ; dy=  1 :       0.24973692E+00 +-  0.78446146E-04
point ; dx=  4 ; dy=  1 :       0.25003223E+00 +-  0.12433038E-03
point ; dx=  5 ; dy=  1 :       0.24990042E+00 +-  0.87992623E-04
point ; dx=  6 ; dy=  1 :       0.24998697E+00 +-  0.68517682E-04
point ; dx=  7 ; dy=  1 :       0.25001151E+00 +-  0.60398880E-04
point ; dx=  8 ; dy=  1 :       0.25003790E+00 +-  0.10047565E-03
point ; dx=  2 ; dy=  2 :       0.24926363E+00 +-  0.70799033E-04
point ; dx=  3 ; dy=  2 :       0.25014682E+00 +-  0.55648480E-04
point ; dx=  4 ; dy=  2 :       0.24989811E+00 +-  0.69688258E-04
point ; dx=  5 ; dy=  2 :       0.25002025E+00 +-  0.10256847E-03
point ; dx=  6 ; dy=  2 :       0.25011910E+00 +-  0.89413634E-04
point ; dx=  7 ; dy=  2 :       0.25000325E+00 +-  0.11712565E-03
point ; dx=  8 ; dy=  2 :       0.24994608E+00 +-  0.13703835E-03
point ; dx=  3 ; dy=  3 :       0.24980661E+00 +-  0.11989212E-03
point ; dx=  4 ; dy=  3 :       0.24996181E+00 +-  0.96198174E-04
point ; dx=  5 ; dy=  3 :       0.25004771E+00 +-  0.69459286E-04
point ; dx=  6 ; dy=  3 :       0.25009703E+00 +-  0.91571185E-04
point ; dx=  7 ; dy=  3 :       0.24993784E+00 +-  0.10114246E-03
point ; dx=  8 ; dy=  3 :       0.24996399E+00 +-  0.10638695E-03
point ; dx=  4 ; dy=  4 :       0.24984196E+00 +-  0.10266872E-03
point ; dx=  5 ; dy=  4 :       0.24996198E+00 +-  0.79892511E-04
point ; dx=  6 ; dy=  4 :       0.25015412E+00 +-  0.94389796E-04
point ; dx=  7 ; dy=  4 :       0.24994781E+00 +-  0.11689068E-03
point ; dx=  8 ; dy=  4 :       0.24991397E+00 +-  0.12161442E-03
point ; dx=  5 ; dy=  5 :       0.25024298E+00 +-  0.11447533E-03
point ; dx=  6 ; dy=  5 :       0.24990816E+00 +-  0.85197516E-04
point ; dx=  7 ; dy=  5 :       0.25004152E+00 +-  0.12515033E-03
point ; dx=  8 ; dy=  5 :       0.24991353E+00 +-  0.13042523E-03
point ; dx=  6 ; dy=  6 :       0.25001082E+00 +-  0.10639404E-03
point ; dx=  7 ; dy=  6 :       0.25004159E+00 +-  0.13058068E-03
point ; dx=  8 ; dy=  6 :       0.25005436E+00 +-  0.73284405E-04
point ; dx=  7 ; dy=  7 :       0.24991383E+00 +-  0.11958450E-03
point ; dx=  8 ; dy=  7 :       0.25002447E+00 +-  0.15460420E-03
point ; dx=  8 ; dy=  8 :       0.24997710E+00 +-  0.36175283E-03
============================================================================
 XX Spin correlation function:
point ; dx=  0 ; dy=  0 :       0.61726636E+00 +-  0.35461104E-03
point ; dx=  1 ; dy=  0 :      -0.93024759E-01 +-  0.33761164E-03
point ; dx=  2 ; dy=  0 :       0.34857479E-02 +-  0.23872136E-04
point ; dx=  3 ; dy=  0 :      -0.50023443E-03 +-  0.52343710E-05
point ; dx=  4 ; dy=  0 :       0.13603216E-03 +-  0.17069490E-05
point ; dx=  5 ; dy=  0 :      -0.33375431E-04 +-  0.45052269E-06
point ; dx=  6 ; dy=  0 :       0.73912910E-05 +-  0.85449935E-07
point ; dx=  7 ; dy=  0 :      -0.18227775E-05 +-  0.22035882E-07
point ; dx=  8 ; dy=  0 :       0.86010493E-06 +-  0.15004678E-07
point ; dx=  1 ; dy=  1 :       0.10977155E-01 +-  0.58349303E-04
point ; dx=  2 ; dy=  1 :      -0.68753903E-02 +-  0.45029398E-04
point ; dx=  3 ; dy=  1 :       0.73656739E-03 +-  0.58803939E-05
point ; dx=  4 ; dy=  1 :      -0.13851519E-03 +-  0.14684876E-05
point ; dx=  5 ; dy=  1 :       0.30971037E-04 +-  0.28417035E-06
point ; dx=  6 ; dy=  1 :      -0.72429824E-05 +-  0.10985595E-06
point ; dx=  7 ; dy=  1 :       0.19050264E-05 +-  0.18402915E-07
point ; dx=  8 ; dy=  1 :      -0.86720039E-06 +-  0.13156561E-07
point ; dx=  2 ; dy=  2 :       0.18088313E-02 +-  0.16470740E-04
point ; dx=  3 ; dy=  2 :      -0.10469674E-02 +-  0.93568512E-05
point ; dx=  4 ; dy=  2 :       0.16116207E-03 +-  0.14036707E-05
point ; dx=  5 ; dy=  2 :      -0.37174359E-04 +-  0.45111741E-06
point ; dx=  6 ; dy=  2 :       0.75545833E-05 +-  0.83238639E-07
point ; dx=  7 ; dy=  2 :      -0.17873951E-05 +-  0.28138536E-07
point ; dx=  8 ; dy=  2 :       0.86274997E-06 +-  0.15077562E-07
point ; dx=  3 ; dy=  3 :       0.33563428E-03 +-  0.38722789E-05
point ; dx=  4 ; dy=  3 :      -0.18240116E-03 +-  0.21938571E-05
point ; dx=  5 ; dy=  3 :       0.34887164E-04 +-  0.40225165E-06
point ; dx=  6 ; dy=  3 :      -0.91563245E-05 +-  0.14020907E-06
point ; dx=  7 ; dy=  3 :       0.19539005E-05 +-  0.25375797E-07
point ; dx=  8 ; dy=  3 :      -0.82175244E-06 +-  0.15377442E-07
point ; dx=  4 ; dy=  4 :       0.64825955E-04 +-  0.83503915E-06
point ; dx=  5 ; dy=  4 :      -0.33835456E-04 +-  0.43478919E-06
point ; dx=  6 ; dy=  4 :       0.74525506E-05 +-  0.85694299E-07
point ; dx=  7 ; dy=  4 :      -0.21475879E-05 +-  0.29982420E-07
point ; dx=  8 ; dy=  4 :       0.90261722E-06 +-  0.11261976E-07
point ; dx=  5 ; dy=  5 :       0.12758934E-04 +-  0.22970703E-06
point ; dx=  6 ; dy=  5 :      -0.64281129E-05 +-  0.13417805E-06
point ; dx=  7 ; dy=  5 :       0.16395038E-05 +-  0.28367029E-07
point ; dx=  8 ; dy=  5 :      -0.11164776E-05 +-  0.21307476E-07
point ; dx=  6 ; dy=  6 :       0.26518819E-05 +-  0.44155263E-07
point ; dx=  7 ; dy=  6 :      -0.11743265E-05 +-  0.20071931E-07
point ; dx=  8 ; dy=  6 :       0.77364073E-06 +-  0.11932754E-07
point ; dx=  7 ; dy=  7 :       0.60689164E-06 +-  0.11752438E-07
point ; dx=  8 ; dy=  7 :      -0.50920272E-06 +-  0.10376503E-07
point ; dx=  8 ; dy=  8 :       0.49829544E-06 +-  0.12064711E-07
============================================================================
 ZZ Spin correlation function:
point ; dx=  0 ; dy=  0 :       0.61726636E+00 +-  0.35461104E-03
point ; dx=  1 ; dy=  0 :      -0.93201463E-01 +-  0.55739486E-03
point ; dx=  2 ; dy=  0 :       0.26734705E-02 +-  0.48336023E-03
point ; dx=  3 ; dy=  0 :      -0.34453622E-03 +-  0.46659567E-03
point ; dx=  4 ; dy=  0 :       0.48260065E-04 +-  0.48503086E-03
point ; dx=  5 ; dy=  0 :      -0.18230724E-03 +-  0.60065514E-03
point ; dx=  6 ; dy=  0 :       0.20168680E-03 +-  0.36877510E-03
point ; dx=  7 ; dy=  0 :      -0.12259150E-03 +-  0.37967859E-03
point ; dx=  8 ; dy=  0 :       0.89077593E-04 +-  0.59909119E-03
point ; dx=  1 ; dy=  1 :       0.10836463E-01 +-  0.70041490E-03
point ; dx=  2 ; dy=  1 :      -0.69287988E-02 +-  0.28585401E-03
point ; dx=  3 ; dy=  1 :       0.85650101E-03 +-  0.31343246E-03
point ; dx=  4 ; dy=  1 :      -0.15109023E-03 +-  0.49729750E-03
point ; dx=  5 ; dy=  1 :       0.39396567E-03 +-  0.35197216E-03
point ; dx=  6 ; dy=  1 :       0.51358766E-04 +-  0.27406844E-03
point ; dx=  7 ; dy=  1 :      -0.46225948E-04 +-  0.24159494E-03
point ; dx=  8 ; dy=  1 :      -0.15165469E-03 +-  0.40190305E-03
point ; dx=  2 ; dy=  2 :       0.23736739E-02 +-  0.28310593E-03
point ; dx=  3 ; dy=  2 :      -0.87426182E-03 +-  0.22251005E-03
point ; dx=  4 ; dy=  2 :       0.36985269E-03 +-  0.27869939E-03
point ; dx=  5 ; dy=  2 :      -0.87412402E-04 +-  0.41027336E-03
point ; dx=  6 ; dy=  2 :      -0.47740131E-03 +-  0.35765054E-03
point ; dx=  7 ; dy=  2 :      -0.13160462E-04 +-  0.46850177E-03
point ; dx=  8 ; dy=  2 :       0.21561312E-03 +-  0.54815384E-03
point ; dx=  3 ; dy=  3 :       0.68323093E-03 +-  0.47946711E-03
point ; dx=  4 ; dy=  3 :       0.10831352E-03 +-  0.38479242E-03
point ; dx=  5 ; dy=  3 :      -0.19824072E-03 +-  0.27783185E-03
point ; dx=  6 ; dy=  3 :      -0.38966305E-03 +-  0.36628864E-03
point ; dx=  7 ; dy=  3 :       0.24840622E-03 +-  0.40456984E-03
point ; dx=  8 ; dy=  3 :       0.14396479E-03 +-  0.42554818E-03
point ; dx=  4 ; dy=  4 :       0.61672696E-03 +-  0.41065805E-03
point ; dx=  5 ; dy=  4 :       0.14460470E-03 +-  0.31957970E-03
point ; dx=  6 ; dy=  4 :      -0.61795718E-03 +-  0.37755681E-03
point ; dx=  7 ; dy=  4 :       0.20843926E-03 +-  0.46756333E-03
point ; dx=  8 ; dy=  4 :       0.34398776E-03 +-  0.48645757E-03
point ; dx=  5 ; dy=  5 :      -0.97466562E-03 +-  0.45790360E-03
point ; dx=  6 ; dy=  5 :       0.36603531E-03 +-  0.34078923E-03
point ; dx=  7 ; dy=  5 :      -0.16636735E-03 +-  0.50060192E-03
point ; dx=  8 ; dy=  5 :       0.34566090E-03 +-  0.52170069E-03
point ; dx=  6 ; dy=  6 :      -0.43815993E-04 +-  0.42557794E-03
point ; dx=  7 ; dy=  6 :      -0.16654812E-03 +-  0.52232247E-03
point ; dx=  8 ; dy=  6 :      -0.21760760E-03 +-  0.29313719E-03
point ; dx=  7 ; dy=  7 :       0.34458180E-03 +-  0.47833810E-03
point ; dx=  8 ; dy=  7 :      -0.97963028E-04 +-  0.61841669E-03
point ; dx=  8 ; dy=  8 :       0.91482107E-04 +-  0.14470108E-02
============================================================================
 Average Spin correlation function:
point ; dx=  0 ; dy=  0 :       0.61726636E+00 +-  0.35461104E-03
point ; dx=  1 ; dy=  0 :      -0.93083660E-01 +-  0.26487511E-03
point ; dx=  2 ; dy=  0 :       0.32149888E-02 +-  0.16152311E-03
point ; dx=  3 ; dy=  0 :      -0.44833503E-03 +-  0.15499094E-03
point ; dx=  4 ; dy=  0 :       0.10677480E-03 +-  0.16141785E-03
point ; dx=  5 ; dy=  0 :      -0.83019367E-04 +-  0.20026818E-03
point ; dx=  6 ; dy=  0 :       0.72156460E-04 +-  0.12291283E-03
point ; dx=  7 ; dy=  0 :      -0.42079018E-04 +-  0.12656395E-03
point ; dx=  8 ; dy=  0 :       0.30265934E-04 +-  0.19969387E-03
point ; dx=  1 ; dy=  1 :       0.10930258E-01 +-  0.22975431E-03
point ; dx=  2 ; dy=  1 :      -0.68931931E-02 +-  0.10678326E-03
point ; dx=  3 ; dy=  1 :       0.77654526E-03 +-  0.10562193E-03
point ; dx=  4 ; dy=  1 :      -0.14270687E-03 +-  0.16600448E-03
point ; dx=  5 ; dy=  1 :       0.15196925E-03 +-  0.11730268E-03
point ; dx=  6 ; dy=  1 :       0.12290934E-04 +-  0.91363925E-04
point ; dx=  7 ; dy=  1 :      -0.14138632E-04 +-  0.80530223E-04
point ; dx=  8 ; dy=  1 :      -0.51129696E-04 +-  0.13396766E-03
point ; dx=  2 ; dy=  2 :       0.19971122E-02 +-  0.93135107E-04
point ; dx=  3 ; dy=  2 :      -0.98939884E-03 +-  0.74535090E-04
point ; dx=  4 ; dy=  2 :       0.23072561E-03 +-  0.93585574E-04
point ; dx=  5 ; dy=  2 :      -0.53920373E-04 +-  0.13693813E-03
point ; dx=  6 ; dy=  2 :      -0.15409738E-03 +-  0.11924741E-03
point ; dx=  7 ; dy=  2 :      -0.55784172E-05 +-  0.15616924E-03
point ; dx=  8 ; dy=  2 :       0.72446206E-04 +-  0.18271671E-03
point ; dx=  3 ; dy=  3 :       0.45149983E-03 +-  0.15998523E-03
point ; dx=  4 ; dy=  3 :      -0.85496268E-04 +-  0.12866804E-03
point ; dx=  5 ; dy=  3 :      -0.42822130E-04 +-  0.92688695E-04
point ; dx=  6 ; dy=  3 :      -0.13599190E-03 +-  0.12211187E-03
point ; dx=  7 ; dy=  3 :       0.84104673E-04 +-  0.13486333E-03
point ; dx=  8 ; dy=  3 :       0.47440428E-04 +-  0.14185230E-03
point ; dx=  4 ; dy=  4 :       0.24879296E-03 +-  0.13720312E-03
point ; dx=  5 ; dy=  4 :       0.25644597E-04 +-  0.10664238E-03
point ; dx=  6 ; dy=  4 :      -0.20101736E-03 +-  0.12583588E-03
point ; dx=  7 ; dy=  4 :       0.68048029E-04 +-  0.15586337E-03
point ; dx=  8 ; dy=  4 :       0.11526433E-03 +-  0.16215573E-03
point ; dx=  5 ; dy=  5 :      -0.31638258E-03 +-  0.15263205E-03
point ; dx=  6 ; dy=  5 :       0.11772636E-03 +-  0.11360641E-03
point ; dx=  7 ; dy=  5 :      -0.54362779E-04 +-  0.16686971E-03
point ; dx=  8 ; dy=  5 :       0.11447598E-03 +-  0.17389820E-03
point ; dx=  6 ; dy=  6 :      -0.12837410E-04 +-  0.14184724E-03
point ; dx=  7 ; dy=  6 :      -0.56298924E-04 +-  0.17410335E-03
point ; dx=  8 ; dy=  6 :      -0.72020106E-04 +-  0.97715355E-04
point ; dx=  7 ; dy=  7 :       0.11526519E-03 +-  0.15944596E-03
point ; dx=  8 ; dy=  7 :      -0.32993811E-04 +-  0.20613767E-03
point ; dx=  8 ; dy=  8 :       0.30826233E-04 +-  0.48233829E-03
============================================================================
 Pairing correlation function:
point ; dx=  0 ; dy=  0 :       0.95683409E-01 +-  0.88652760E-04
point ; dx=  1 ; dy=  0 :       0.13256444E-01 +-  0.14689851E-04
point ; dx=  2 ; dy=  0 :      -0.30276289E-03 +-  0.13064682E-05
point ; dx=  3 ; dy=  0 :       0.15075556E-04 +-  0.16318416E-06
point ; dx=  4 ; dy=  0 :      -0.58815952E-05 +-  0.43006494E-07
point ; dx=  5 ; dy=  0 :       0.11568656E-05 +-  0.10248642E-07
point ; dx=  6 ; dy=  0 :      -0.22333027E-06 +-  0.26378037E-08
point ; dx=  7 ; dy=  0 :       0.38682526E-07 +-  0.35947290E-09
point ; dx=  8 ; dy=  0 :      -0.18272147E-07 +-  0.20601666E-09
point ; dx=  1 ; dy=  1 :      -0.11596098E-02 +-  0.19881685E-05
point ; dx=  2 ; dy=  1 :       0.57942475E-03 +-  0.12198071E-05
point ; dx=  3 ; dy=  1 :      -0.48958536E-04 +-  0.14657362E-06
point ; dx=  4 ; dy=  1 :       0.55393509E-05 +-  0.30287274E-07
point ; dx=  5 ; dy=  1 :      -0.10886652E-05 +-  0.77064644E-08
point ; dx=  6 ; dy=  1 :       0.19123954E-06 +-  0.10196127E-08
point ; dx=  7 ; dy=  1 :      -0.48761069E-07 +-  0.43703453E-09
point ; dx=  8 ; dy=  1 :       0.18409290E-07 +-  0.19260780E-09
point ; dx=  2 ; dy=  2 :      -0.14295532E-03 +-  0.34876539E-06
point ; dx=  3 ; dy=  2 :       0.71749844E-04 +-  0.20954137E-06
point ; dx=  4 ; dy=  2 :      -0.94289041E-05 +-  0.20961816E-07
point ; dx=  5 ; dy=  2 :       0.15988261E-05 +-  0.49049751E-08
point ; dx=  6 ; dy=  2 :      -0.24749952E-06 +-  0.17770713E-08
point ; dx=  7 ; dy=  2 :       0.39008424E-07 +-  0.52559133E-09
point ; dx=  8 ; dy=  2 :      -0.19844976E-07 +-  0.31140339E-09
point ; dx=  3 ; dy=  3 :      -0.22578308E-04 +-  0.56877383E-07
point ; dx=  4 ; dy=  3 :       0.11110874E-04 +-  0.50775734E-07
point ; dx=  5 ; dy=  3 :      -0.18541416E-05 +-  0.69211656E-08
point ; dx=  6 ; dy=  3 :       0.38593933E-06 +-  0.23140131E-08
point ; dx=  7 ; dy=  3 :      -0.62440440E-07 +-  0.53687760E-09
point ; dx=  8 ; dy=  3 :       0.18179469E-07 +-  0.21097894E-09
point ; dx=  4 ; dy=  4 :      -0.38547930E-05 +-  0.19569635E-07
point ; dx=  5 ; dy=  4 :       0.18659855E-05 +-  0.10860715E-07
point ; dx=  6 ; dy=  4 :      -0.36494095E-06 +-  0.21575821E-08
point ; dx=  7 ; dy=  4 :       0.83353656E-07 +-  0.57830459E-09
point ; dx=  8 ; dy=  4 :      -0.31140715E-07 +-  0.24417830E-09
point ; dx=  5 ; dy=  5 :      -0.68629055E-06 +-  0.52911441E-08
point ; dx=  6 ; dy=  5 :       0.32789484E-06 +-  0.20946122E-08
point ; dx=  7 ; dy=  5 :      -0.70164661E-07 +-  0.61629772E-09
point ; dx=  8 ; dy=  5 :       0.51504831E-07 +-  0.55066068E-09
point ; dx=  6 ; dy=  6 :      -0.13479109E-06 +-  0.12752763E-08
point ; dx=  7 ; dy=  6 :       0.47597542E-07 +-  0.35128052E-09
point ; dx=  8 ; dy=  6 :      -0.38379412E-07 +-  0.43512472E-09
point ; dx=  7 ; dy=  7 :      -0.23561105E-07 +-  0.27647612E-09
point ; dx=  8 ; dy=  7 :       0.19369635E-07 +-  0.21009547E-09
point ; dx=  8 ; dy=  8 :      -0.27175938E-07 +-  0.50995176E-09
============================================================================
 Pair-field correlation function - accumulated:
           S-Wave :                        NaN +-             NaN
          SX-Wave :                        NaN +-             NaN
           D-Wave :                        NaN +-             NaN
         SXX-Wave :                        NaN +-             NaN
         DXX-Wave :                        NaN +-             NaN
          PX-Wave :                        NaN +-             NaN
          PY-Wave :                        NaN +-             NaN
         PXY-Wave :                        NaN +-             NaN
         PYX-Wave :                        NaN +-             NaN
============================================================================
