 2D Periodic Lattice; Nx=  6; Ny=  6; total sites=   36                          
                          U :            2.000000
                       t_up :            0.000000
                       t_dn :            0.000000
                      mu_up :            0.000000
                      mu_dn :            0.000000
             Time slice - L :          100
            Number of sites :           36
                       dtau :            1.000000
                       beta :          100.000000
     Number of warmup sweep :         2000
Number of measurement sweep :         5000
   Frequency of measurement :            1
                Random seed :      1234567
 Frequency of recomputing G :           15
Global move number of sites :            0
               Accept count :          270
               Reject count :         3429
    Approximate accept rate :            0.072993
                      gamma :            0.000000
           Type of matrix B : Dense MatB  
         Type of matrix HSF : discrete
============================================================================
 Sign of equal time measurements:
                   Avg sign :   0.10000000E+01 +-  0.00000000E+00
                Avg up sign :   0.10000000E+01 +-  0.00000000E+00
                Avg dn sign :   0.10000000E+01 +-  0.00000000E+00
============================================================================
 Equal time measurements:
          Up spin occupancy :   0.55555556E+00 +-  0.00000000E+00
        Down spin occupancy :   0.44444444E+00 +-  0.00000000E+00
             <U*N_up*N_dn>  :   0.00000000E+00 +-  0.00000000E+00
             Kinetic energy :  -0.10000000E+01 +-  0.00000000E+00
               Total energy :  -0.50000000E+00 +-  0.00000000E+00
                    Density :   0.10000000E+01 +-  0.00000000E+00
                Chi_thermal :  -0.18000000E+06 +-  0.00000000E+00
              Specific heat :   0.27000000E+06 +-  0.00000000E+00
  XX Ferro structure factor :   0.10000000E+01 +-  0.00000000E+00
  ZZ Ferro structure factor :   0.44444444E+00 +-  0.00000000E+00
     XX AF structure factor :   0.10000000E+01 +-  0.00000000E+00
  Root Mean Square of XX AF :   0.10000000E+01 +-  0.00000000E+00
     ZZ AF structure factor :   0.44444444E+00 +-  0.00000000E+00
  Root Mean Square of ZZ AF :   0.44444444E+00 +-  0.00000000E+00
           Potential energy :  -0.50000000E+00 +-  0.00000000E+00
             Hopping energy :   0.00000000E+00 +-  0.00000000E+00
           Double occupancy :   0.00000000E+00 +-  0.00000000E+00
      Magnetisation squared :   0.25000000E+00 +-  0.00000000E+00
============================================================================
 Mean Equal time Green's function:
point ; dx=  0 ; dy=  0 :       0.50000000E+00 +-  0.00000000E+00
point ; dx=  1 ; dy=  0 :      -0.12340107E-18 +-  0.25986373E-19
point ; dx=  2 ; dy=  0 :      -0.75717916E-36 +-  0.11957173E-35
point ; dx=  3 ; dy=  0 :      -0.20354098E-18 +-  0.63068431E-19
point ; dx=  1 ; dy=  1 :      -0.33953782E-37 +-  0.49290003E-36
point ; dx=  2 ; dy=  1 :      -0.24054681E-18 +-  0.18272904E-19
point ; dx=  3 ; dy=  1 :      -0.34089671E-36 +-  0.14356576E-35
point ; dx=  2 ; dy=  2 :       0.16040801E-36 +-  0.14160721E-35
point ; dx=  3 ; dy=  2 :      -0.18349500E-18 +-  0.33027777E-19
point ; dx=  3 ; dy=  3 :      -0.48467277E-35 +-  0.36451662E-35
============================================================================
 Up Equal time Green's function:
point ; dx=  0 ; dy=  0 :       0.44444444E+00 +-  0.00000000E+00
point ; dx=  1 ; dy=  0 :      -0.12340107E-18 +-  0.25986373E-19
point ; dx=  2 ; dy=  0 :      -0.11090143E-18 +-  0.17292022E-19
point ; dx=  3 ; dy=  0 :      -0.20354098E-18 +-  0.63068431E-19
point ; dx=  1 ; dy=  1 :      -0.20037685E-18 +-  0.47666642E-19
point ; dx=  2 ; dy=  1 :      -0.24054681E-18 +-  0.18272904E-19
point ; dx=  3 ; dy=  1 :      -0.24362480E-18 +-  0.24947546E-19
point ; dx=  2 ; dy=  2 :      -0.28384614E-18 +-  0.37617740E-19
point ; dx=  3 ; dy=  2 :      -0.18349500E-18 +-  0.33027777E-19
point ; dx=  3 ; dy=  3 :      -0.40711045E-18 +-  0.84354404E-19
============================================================================
 Down Equal time Green's function:
point ; dx=  0 ; dy=  0 :       0.55555556E+00 +-  0.00000000E+00
point ; dx=  1 ; dy=  0 :      -0.12340107E-18 +-  0.25986373E-19
point ; dx=  2 ; dy=  0 :       0.11090143E-18 +-  0.17292022E-19
point ; dx=  3 ; dy=  0 :      -0.20354098E-18 +-  0.63068431E-19
point ; dx=  1 ; dy=  1 :       0.20037685E-18 +-  0.47666642E-19
point ; dx=  2 ; dy=  1 :      -0.24054681E-18 +-  0.18272904E-19
point ; dx=  3 ; dy=  1 :       0.24362480E-18 +-  0.24947546E-19
point ; dx=  2 ; dy=  2 :       0.28384614E-18 +-  0.37617740E-19
point ; dx=  3 ; dy=  2 :      -0.18349500E-18 +-  0.33027777E-19
point ; dx=  3 ; dy=  3 :       0.40711045E-18 +-  0.84354404E-19
============================================================================
 Density-density correlation fn: (up-up)
point ; dx=  0 ; dy=  0 :       0.50000000E+00 +-  0.00000000E+00
point ; dx=  1 ; dy=  0 :       0.26388889E+00 +-  0.00000000E+00
point ; dx=  2 ; dy=  0 :       0.27777778E+00 +-  0.00000000E+00
point ; dx=  3 ; dy=  0 :       0.25000000E+00 +-  0.00000000E+00
point ; dx=  1 ; dy=  1 :       0.25000000E+00 +-  0.00000000E+00
point ; dx=  2 ; dy=  1 :       0.23611111E+00 +-  0.00000000E+00
point ; dx=  3 ; dy=  1 :       0.22222222E+00 +-  0.00000000E+00
point ; dx=  2 ; dy=  2 :       0.23611111E+00 +-  0.00000000E+00
point ; dx=  3 ; dy=  2 :       0.26388889E+00 +-  0.00000000E+00
point ; dx=  3 ; dy=  3 :       0.16666667E+00 +-  0.00000000E+00
============================================================================
 Density-density correlation fn: (up-dn)
point ; dx=  0 ; dy=  0 :       0.00000000E+00 +-  0.00000000E+00
point ; dx=  1 ; dy=  0 :       0.23611111E+00 +-  0.00000000E+00
point ; dx=  2 ; dy=  0 :       0.22222222E+00 +-  0.00000000E+00
point ; dx=  3 ; dy=  0 :       0.25000000E+00 +-  0.00000000E+00
point ; dx=  1 ; dy=  1 :       0.25000000E+00 +-  0.00000000E+00
point ; dx=  2 ; dy=  1 :       0.26388889E+00 +-  0.00000000E+00
point ; dx=  3 ; dy=  1 :       0.27777778E+00 +-  0.00000000E+00
point ; dx=  2 ; dy=  2 :       0.26388889E+00 +-  0.00000000E+00
point ; dx=  3 ; dy=  2 :       0.23611111E+00 +-  0.00000000E+00
point ; dx=  3 ; dy=  3 :       0.33333333E+00 +-  0.00000000E+00
============================================================================
 XX Spin correlation function:
point ; dx=  0 ; dy=  0 :       0.10000000E+01 +-  0.00000000E+00
point ; dx=  1 ; dy=  0 :      -0.16434635E-33 +-  0.12912203E-34
point ; dx=  2 ; dy=  0 :       0.15612563E-33 +-  0.12116061E-34
point ; dx=  3 ; dy=  0 :      -0.18899793E-33 +-  0.24987776E-34
point ; dx=  1 ; dy=  1 :       0.17941868E-33 +-  0.21455830E-34
point ; dx=  2 ; dy=  1 :      -0.19721523E-33 +-  0.10549391E-34
point ; dx=  3 ; dy=  1 :       0.23419309E-33 +-  0.98865100E-35
point ; dx=  2 ; dy=  2 :       0.23830366E-33 +-  0.18054329E-34
point ; dx=  3 ; dy=  2 :      -0.21810087E-33 +-  0.16897672E-34
point ; dx=  3 ; dy=  3 :       0.37799588E-33 +-  0.44317402E-34
============================================================================
 ZZ Spin correlation function:
point ; dx=  0 ; dy=  0 :       0.10000000E+01 +-  0.00000000E+00
point ; dx=  1 ; dy=  0 :       0.55555556E-01 +-  0.00000000E+00
point ; dx=  2 ; dy=  0 :       0.11111111E+00 +-  0.00000000E+00
point ; dx=  3 ; dy=  0 :       0.00000000E+00 +-  0.00000000E+00
point ; dx=  1 ; dy=  1 :       0.00000000E+00 +-  0.00000000E+00
point ; dx=  2 ; dy=  1 :      -0.55555556E-01 +-  0.00000000E+00
point ; dx=  3 ; dy=  1 :      -0.11111111E+00 +-  0.00000000E+00
point ; dx=  2 ; dy=  2 :      -0.55555556E-01 +-  0.00000000E+00
point ; dx=  3 ; dy=  2 :       0.55555556E-01 +-  0.00000000E+00
point ; dx=  3 ; dy=  3 :      -0.33333333E+00 +-  0.00000000E+00
============================================================================
 Average Spin correlation function:
point ; dx=  0 ; dy=  0 :       0.10000000E+01 +-  0.00000000E+00
point ; dx=  1 ; dy=  0 :       0.18518519E-01 +-  0.00000000E+00
point ; dx=  2 ; dy=  0 :       0.37037037E-01 +-  0.00000000E+00
point ; dx=  3 ; dy=  0 :      -0.12599862E-33 +-  0.16658517E-34
point ; dx=  1 ; dy=  1 :       0.11961246E-33 +-  0.14303886E-34
point ; dx=  2 ; dy=  1 :      -0.18518519E-01 +-  0.00000000E+00
point ; dx=  3 ; dy=  1 :      -0.37037037E-01 +-  0.00000000E+00
point ; dx=  2 ; dy=  2 :      -0.18518519E-01 +-  0.00000000E+00
point ; dx=  3 ; dy=  2 :       0.18518519E-01 +-  0.00000000E+00
point ; dx=  3 ; dy=  3 :      -0.11111111E+00 +-  0.00000000E+00
============================================================================
 Pairing correlation function:
point ; dx=  0 ; dy=  0 :       0.29521273E-41 +-  0.35569792E-41
point ; dx=  1 ; dy=  0 :      -0.44725720E-43 +-  0.44725801E-43
point ; dx=  2 ; dy=  0 :      -0.44725790E-43 +-  0.44725793E-43
point ; dx=  3 ; dy=  0 :       0.35519027E-41 +-  0.36523757E-41
point ; dx=  1 ; dy=  1 :       0.44725790E-43 +-  0.44725793E-43
point ; dx=  2 ; dy=  1 :      -0.67088691E-43 +-  0.47730801E-43
point ; dx=  3 ; dy=  1 :       0.44054241E-43 +-  0.44054147E-43
point ; dx=  2 ; dy=  2 :       0.76930350E-43 +-  0.76930177E-43
point ; dx=  3 ; dy=  2 :      -0.56667740E-50 +-  0.66673276E-43
point ; dx=  3 ; dy=  3 :       0.22668083E-49 +-  0.15112056E-49
============================================================================
 Pair-field correlation function - accumulated:
           S-Wave :                        NaN +-             NaN
          SX-Wave :                        NaN +-             NaN
           D-Wave :                        NaN +-             NaN
         SXX-Wave :                        NaN +-             NaN
         DXX-Wave :                        NaN +-             NaN
          PX-Wave :                        NaN +-             NaN
          PY-Wave :                        NaN +-             NaN
         PXY-Wave :                        NaN +-             NaN
         PYX-Wave :                        NaN +-             NaN
============================================================================
